


ARM Macro Assembler    Page 1 


    1 00000000                 AREA             RESET,DATA,READONLY
    2 00000000                 EXPORT           __Vectors
    3 00000000         __Vectors
    4 00000000 10001000        DCD              0X10001000
    5 00000004 00000000        DCD              Reset_Handler
    6 00000008         
    7 00000008                 AREA             mycode,CODE,READONLY
    8 00000000                 ENTRY
    9 00000000                 EXPORT           Reset_Handler
   10 00000000         
   11 00000000         Reset_Handler
   12 00000000 F04F 000A       MOV              R0,#0X0A
   13 00000004 4905            LDR              R1,=src
   14 00000006 4A06            LDR              R2,=src+len*4
   15 00000008         
   16 00000008 F851 4B04 
                       LP      LDR              R4,[R1],#4
   17 0000000C F842 4B04       STR              R4,[R2],#4
   18 00000010 F1A0 0001       SUB              R0,#01
   19 00000014 F090 0F00       TEQ              R0,#0
   20 00000018 D1F6            BNE              LP
   21 0000001A E7FE    STOP    B                STOP
   22 0000001C 0000000A 
                       len     equ              10
   23 0000001C 00000000 
              00000028         AREA             nonoverlap,DATA,READWRITE
   24 00000000 00000000 
              00000000 
              00000000 
              00000000 
              00000000 
              00000000 
              00000000 
              00000000 
              00000000 
              00000000 src     dcd              0,0,0,0,0,0,0,0,0,0
   25 00000028                 END
Command Line: --debug --xref --cpu=Cortex-M3 --apcs=interwork --depend=Q1.d -oQ
1.o -IC:\Keil\ARM\RV31\INC -IC:\Keil\ARM\CMSIS\Include -IC:\Keil\ARM\Inc\NXP\LP
C17xx --predefine="__EVAL SETA 1" --list=Q1.lst Q1.s



ARM Macro Assembler    Page 1 Alphabetic symbol ordering
Relocatable symbols

RESET 00000000

Symbol: RESET
   Definitions
      At line 1 in file Q1.s
   Uses
      None
Comment: RESET unused
__Vectors 00000000

Symbol: __Vectors
   Definitions
      At line 3 in file Q1.s
   Uses
      At line 2 in file Q1.s
Comment: __Vectors used once
2 symbols



ARM Macro Assembler    Page 1 Alphabetic symbol ordering
Relocatable symbols

LP 00000008

Symbol: LP
   Definitions
      At line 16 in file Q1.s
   Uses
      At line 20 in file Q1.s
Comment: LP used once
Reset_Handler 00000000

Symbol: Reset_Handler
   Definitions
      At line 11 in file Q1.s
   Uses
      At line 5 in file Q1.s
      At line 9 in file Q1.s

STOP 0000001A

Symbol: STOP
   Definitions
      At line 21 in file Q1.s
   Uses
      At line 21 in file Q1.s
Comment: STOP used once
mycode 00000000

Symbol: mycode
   Definitions
      At line 7 in file Q1.s
   Uses
      None
Comment: mycode unused
4 symbols



ARM Macro Assembler    Page 1 Alphabetic symbol ordering
Relocatable symbols

nonoverlap 00000000

Symbol: nonoverlap
   Definitions
      At line 23 in file Q1.s
   Uses
      None
Comment: nonoverlap unused
src 00000000

Symbol: src
   Definitions
      At line 24 in file Q1.s
   Uses
      At line 13 in file Q1.s
      At line 14 in file Q1.s

2 symbols



ARM Macro Assembler    Page 1 Alphabetic symbol ordering
Absolute symbols

len 0000000A

Symbol: len
   Definitions
      At line 22 in file Q1.s
   Uses
      At line 14 in file Q1.s
Comment: len used once
1 symbol
342 symbols in table
