bash: cd: Desktop: No such file or directory
student4@MIT-ICT-LAB4-01:/$ cd ~
student4@MIT-ICT-LAB4-01:~$ cd Desktop
student4@MIT-ICT-LAB4-01:~/Desktop$ ls
student4@MIT-ICT-LAB4-01:~/Desktop$ cd ~
student4@MIT-ICT-LAB4-01:~$ ls
Desktop    Downloads         Music     Public     Videos
Documents  examples.desktop  Pictures  Templates
student4@MIT-ICT-LAB4-01:~$ cd Downloads
student4@MIT-ICT-LAB4-01:~/Downloads$ ls
student4@MIT-ICT-LAB4-01:~/Downloads$ cd ~
student4@MIT-ICT-LAB4-01:~$ cd Desktop
student4@MIT-ICT-LAB4-01:~/Desktop$ cd abc
student4@MIT-ICT-LAB4-01:~/Desktop/abc$ ls
student4@MIT-ICT-LAB4-01:~/Desktop/abc$ cd..
cd..: command not found
student4@MIT-ICT-LAB4-01:~/Desktop/abc$ cd ..
student4@MIT-ICT-LAB4-01:~/Desktop$ man *
No manual entry for abc
student4@MIT-ICT-LAB4-01:~/Desktop$ cd ~
student4@MIT-ICT-LAB4-01:~$ cd Desktop
student4@MIT-ICT-LAB4-01:~/Desktop$ cd abc
student4@MIT-ICT-LAB4-01:~/Desktop/abc$ touch abc1
student4@MIT-ICT-LAB4-01:~/Desktop/abc$ ls
abc1
student4@MIT-ICT-LAB4-01:~/Desktop/abc$ file abc1
abc1: empty 
student4@MIT-ICT-LAB4-01:~/Desktop/abc$ cat abc.txt
cat: abc.txt: No such file or directory
student4@MIT-ICT-LAB4-01:~/Desktop/abc$ cat abc1
student4@MIT-ICT-LAB4-01:~/Desktop/abc$ cat >abctext.txt
this is a text file ^Z
[1]+  Stopped                 cat > abctext.txt
student4@MIT-ICT-LAB4-01:~/Desktop/abc$ ls
abc1  abctext.txt
student4@MIT-ICT-LAB4-01:~/Desktop/abc$ cat abctext.txt
student4@MIT-ICT-LAB4-01:~/Desktop/abc$ cat abctext.txt
student4@MIT-ICT-LAB4-01:~/Desktop/abc$ cat abctext.txt
student4@MIT-ICT-LAB4-01:~/Desktop/abc$ cat >abctext.txt
this is a text file^Z
[2]+  Stopped                 cat > abctext.txt
student4@MIT-ICT-LAB4-01:~/Desktop/abc$ cat >abctext.txt
^Z
[3]+  Stopped                 cat > abctext.txt
student4@MIT-ICT-LAB4-01:~/Desktop/abc$ cat >>abctext.txt
this is a text ^Z
[4]+  Stopped                 cat >> abctext.txt
student4@MIT-ICT-LAB4-01:~/Desktop/abc$ cat >>abctext.txt
tgdslkjhsd
^Z
[5]+  Stopped                 cat >> abctext.txt
student4@MIT-ICT-LAB4-01:~/Desktop/abc$ cat >>abctext.txt
gdjg^Z
[6]+  Stopped                 cat >> abctext.txt
student4@MIT-ICT-LAB4-01:~/Desktop/abc$ cat >>abctext.txt
jgkshlsjdfklhgs
^Z
[7]+  Stopped                 cat >> abctext.txt
student4@MIT-ICT-LAB4-01:~/Desktop/abc$ cat abctext.txt
tgdslkjhsd
jgkshlsjdfklhgs
student4@MIT-ICT-LAB4-01:~/Desktop/abc$ head abctext.txt
tgdslkjhsd
jgkshlsjdfklhgs
student4@MIT-ICT-LAB4-01:~/Desktop/abc$ man rmdir
student4@MIT-ICT-LAB4-01:~/Desktop/abc$ nano lab1.txt
student4@MIT-ICT-LAB4-01:~/Desktop/abc$ cd ..
student4@MIT-ICT-LAB4-01:~/Desktop$ mkdir newD
student4@MIT-ICT-LAB4-01:~/Desktop$ ls
abc  newD
student4@MIT-ICT-LAB4-01:~/Desktop$ $date
student4@MIT-ICT-LAB4-01:~/Desktop$ date
Wed Jul 26 14:52:27 IST 2017
student4@MIT-ICT-LAB4-01:~/Desktop$ man cp
student4@MIT-ICT-LAB4-01:~/Desktop$ clear

student4@MIT-ICT-LAB4-01:~/Desktop$ ls
abc  newD
student4@MIT-ICT-LAB4-01:~/Desktop$ ls -l 
total 8
drwxrwxr-x 2 student4 student4 4096 Jul 26 14:42 abc
drwxrwxr-x 2 student4 student4 4096 Jul 26 14:50 newD
student4@MIT-ICT-LAB4-01:~/Desktop$ ls -l --color
total 8
drwxrwxr-x 2 student4 student4 4096 Jul 26 14:42 abc
drwxrwxr-x 2 student4 student4 4096 Jul 26 14:50 newD
student4@MIT-ICT-LAB4-01:~/Desktop$ cat abc
cat: abc: Is a directory
student4@MIT-ICT-LAB4-01:~/Desktop$ cd abc
student4@MIT-ICT-LAB4-01:~/Desktop/abc$ ls -l
total 12
-rw-rw-r-- 1 student4 student4    0 Jul 26 14:25 abc1
-rw-rw-r-- 1 student4 student4   27 Jul 26 14:30 abctext.txt
-rw-rw-r-- 1 student4 student4 4941 Jul 26 14:42 lab1.txt
student4@MIT-ICT-LAB4-01:~/Desktop/abc$ cat abctext.txt
tgdslkjhsd
jgkshlsjdfklhgs
student4@MIT-ICT-LAB4-01:~/Desktop/abc$ cat abc1.txt
cat: abc1.txt: No such file or directory
student4@MIT-ICT-LAB4-01:~/Desktop/abc$ cat abc1
student4@MIT-ICT-LAB4-01:~/Desktop/abc$ pwd
/home/student4/Desktop/abc
student4@MIT-ICT-LAB4-01:~/Desktop/abc$ ls a*
abc1  abctext.txt
student4@MIT-ICT-LAB4-01:~/Desktop/abc$ ls a?
ls: cannot access a?: No such file or directory
student4@MIT-ICT-LAB4-01:~/Desktop/abc$ ls a??
ls: cannot access a??: No such file or directory
student4@MIT-ICT-LAB4-01:~/Desktop/abc$ ls a???
abc1
student4@MIT-ICT-LAB4-01:~/Desktop/abc$ ls [abc]
ls: cannot access [abc]: No such file or directory
student4@MIT-ICT-LAB4-01:~/Desktop/abc$ ls [abc]*
abc1  abctext.txt
student4@MIT-ICT-LAB4-01:~/Desktop/abc$ ls [aBC]*
abc1  abctext.txt
student4@MIT-ICT-LAB4-01:~/Desktop/abc$ touch empty
student4@MIT-ICT-LAB4-01:~/Desktop/abc$ head abctext.txt
tgdslkjhsd
jgkshlsjdfklhgs
student4@MIT-ICT-LAB4-01:~/Desktop/abc$ cp abctext.txt abc1text.txt
student4@MIT-ICT-LAB4-01:~/Desktop/abc$ ls
abc1  abc1text.txt  abctext.txt  empty  lab1.txt
student4@MIT-ICT-LAB4-01:~/Desktop/abc$ head abc1text.txt
tgdslkjhsd
jgkshlsjdfklhgs
student4@MIT-ICT-LAB4-01:~/Desktop/abc$ rm abc1text.txt
student4@MIT-ICT-LAB4-01:~/Desktop/abc$ ls
abc1  abctext.txt  empty  lab1.txt
student4@MIT-ICT-LAB4-01:~/Desktop/abc$ grep
Usage: grep [OPTION]... PATTERN [FILE]...
Try 'grep --help' for more information.
student4@MIT-ICT-LAB4-01:~/Desktop/abc$ which grep
/bin/grep
student4@MIT-ICT-LAB4-01:~/Desktop/abc$ whereis ls
ls: /bin/ls /usr/share/man/man1/ls.1.gz
student4@MIT-ICT-LAB4-01:~/Desktop/abc$ whereis abctext.txt
abctext:
student4@MIT-ICT-LAB4-01:~/Desktop/abc$ whereis mkdir
mkdir: /bin/mkdir /usr/share/man/man2/mkdir.2.gz /usr/share/man/man1/mkdir.1.gz
student4@MIT-ICT-LAB4-01:~/Desktop/abc$ locate mozilla
/home/administrator/.mozilla
/home/student/.mozilla
/home/student1/.mozilla
/home/student2/.mozilla
/home/student3/.mozilla
/home/student4/.mozilla
/home/student4/.cache/mozilla
/home/student4/.cache/mozilla/firefox
/home/student4/.cache/mozilla/firefox/gts6905u.default
/home/student4/.cache/mozilla/firefox/gts6905u.default/Cache.Trash603765111
/home/student4/.cache/mozilla/firefox/gts6905u.default/OfflineCache
/home/student4/.cache/mozilla/firefox/gts6905u.default/_CACHE_CLEAN_
/home/student4/.cache/mozilla/firefox/gts6905u.default/cache2
/home/student4/.cache/mozilla/firefox/gts6905u.default/safebrowsing
/home/student4/.cache/mozilla/firefox/gts6905u.default/startupCache
/home/student4/.cache/mozilla/firefox/gts6905u.default/thumbnails
/home/student4/.cache/mozilla/firefox/gts6905u.default/OfflineCache/index.sqlite
/home/student4/.cache/mozilla/firefox/gts6905u.default/cache2/doomed
/home/student4/.cache/mozilla/firefox/gts6905u.default/cache2/entries
/home/student4/.cache/mozilla/firefox/gts6905u.default/cache2/entries/01906E9BD0D9C39431C56208485567CDECCB1CBE
/home/student4/.cache/mozilla/firefox/gts6905u.default/cache2/entries/1952BFA33A8EF8A7CE8CB8A5DE039AE0CA9517F8
/home/student4/.cache/mozilla/firefox/gts6905u.default/cache2/entries/1F52BD26C417C3E9CBA19349BB0D9E47368F3D8C
/home/student4/.cache/mozilla/firefox/gts6905u.default/cache2/entries/3202B2925BA5043740F4B99901F2CC78947C5480
/home/student4/.cache/mozilla/firefox/gts6905u.default/cache2/entries/34E7E38357F48A2220905993BA9E3CBC026400AA
/home/student4/.cache/mozilla/firefox/gts6905u.default/cache2/entries/3946C457CD26953F3EB58E69108778716F9A3C86
/home/student4/.cache/mozilla/firefox/gts6905u.default/cache2/entries/3B325A2D371A0674BDF37EF94A1138501085A560
/home/student4/.cache/mozilla/firefox/gts6905u.default/cache2/entries/5352C7F233CE37548F5279C894059BE8C854CB31
/home/student4/.cache/mozilla/firefox/gts6905u.default/cache2/entries/7DC70C7BA59398885473AA796D61308571087EE9
/home/student4/.cache/mozilla/firefox/gts6905u.default/cache2/entries/90C9CC27ADF7A52F513AE97CF5E25794B3141940
/home/student4/.cache/mozilla/firefox/gts6905u.default/cache2/entries/9E85C26BE0398152834610B9CF1BA7C0D5D03FF9
/home/student4/.cache/mozilla/firefox/gts6905u.default/cache2/entries/C045E556F3C32598B62C1135E5F1EA88C2E5BD90
/home/student4/.cache/mozilla/firefox/gts6905u.default/cache2/entries/CA0C3C2E66D51DDE995B1834A4D2C80303B1B912
/home/student4/.cache/mozilla/firefox/gts6905u.default/cache2/entries/D7536F08CD9A2BA50F1AC1D14DD2C086B02E61C8
/home/student4/.cache/mozilla/firefox/gts6905u.default/cache2/entries/D8B8B97CD9DA1B89BDA984383B2A1F47EA2343F8
/home/student4/.cache/mozilla/firefox/gts6905u.default/cache2/entries/D9E577D7A2B60C541DCA2B221012744D5B558AA0
/home/student4/.cache/mozilla/firefox/gts6905u.default/cache2/entries/F03B3AAB9B4FDA6088162C846D65F99E156F85EC
/home/student4/.cache/mozilla/firefox/gts6905u.default/safebrowsing/test-malware-simple.cache
/home/student4/.cache/mozilla/firefox/gts6905u.default/safebrowsing/test-malware-simple.pset
/home/student4/.cache/mozilla/firefox/gts6905u.default/safebrowsing/test-malware-simple.sbstore
/home/student4/.cache/mozilla/firefox/gts6905u.default/safebrowsing/test-phish-simple.cache
/home/student4/.cache/mozilla/firefox/gts6905u.default/safebrowsing/test-phish-simple.pset
/home/student4/.cache/mozilla/firefox/gts6905u.default/safebrowsing/test-phish-simple.sbstore
/home/student4/.cache/mozilla/firefox/gts6905u.default/startupCache/startupCache.8.little
/home/student4/.mozilla/extensions
/home/student4/.mozilla/firefox
/home/student4/.mozilla/firefox/Crash Reports
/home/student4/.mozilla/firefox/gts6905u.default
/home/student4/.mozilla/firefox/profiles.ini
/home/student4/.mozilla/firefox/Crash Reports/InstallTime20150125222008
/home/student4/.mozilla/firefox/Crash Reports/events
/home/student4/.mozilla/firefox/gts6905u.default/.parentlock
/home/student4/.mozilla/firefox/gts6905u.default/SiteSecurityServiceState.txt
/home/student4/.mozilla/firefox/gts6905u.default/blocklist.xml
/home/student4/.mozilla/firefox/gts6905u.default/bookmarkbackups
/home/student4/.mozilla/firefox/gts6905u.default/cert8.db
/home/student4/.mozilla/firefox/gts6905u.default/compatibility.ini
/home/student4/.mozilla/firefox/gts6905u.default/content-prefs.sqlite
/home/student4/.mozilla/firefox/gts6905u.default/cookies.sqlite
/home/student4/.mozilla/firefox/gts6905u.default/crashes
/home/student4/.mozilla/firefox/gts6905u.default/extensions.ini
/home/student4/.mozilla/firefox/gts6905u.default/extensions.json
/home/student4/.mozilla/firefox/gts6905u.default/key3.db
/home/student4/.mozilla/firefox/gts6905u.default/mimeTypes.rdf
/home/student4/.mozilla/firefox/gts6905u.default/minidumps
/home/student4/.mozilla/firefox/gts6905u.default/permissions.sqlite
/home/student4/.mozilla/firefox/gts6905u.default/places.sqlite
/home/student4/.mozilla/firefox/gts6905u.default/places.sqlite-shm
/home/student4/.mozilla/firefox/gts6905u.default/places.sqlite-wal
/home/student4/.mozilla/firefox/gts6905u.default/pluginreg.dat
/home/student4/.mozilla/firefox/gts6905u.default/prefs.js
/home/student4/.mozilla/firefox/gts6905u.default/search.json
/home/student4/.mozilla/firefox/gts6905u.default/secmod.db
/home/student4/.mozilla/firefox/gts6905u.default/sessionCheckpoints.json
/home/student4/.mozilla/firefox/gts6905u.default/sessionstore-backups
/home/student4/.mozilla/firefox/gts6905u.default/sessionstore.js
/home/student4/.mozilla/firefox/gts6905u.default/times.json
/home/student4/.mozilla/firefox/gts6905u.default/webapps
/home/student4/.mozilla/firefox/gts6905u.default/webappsstore.sqlite
/home/student4/.mozilla/firefox/gts6905u.default/xulstore.json
/home/student4/.mozilla/firefox/gts6905u.default/crashes/events
/home/student4/.mozilla/firefox/gts6905u.default/sessionstore-backups/previous.js
/home/student4/.mozilla/firefox/gts6905u.default/sessionstore-backups/upgrade.js-20150125222008
/home/student4/.mozilla/firefox/gts6905u.default/webapps/webapps.json
/home/student5/.mozilla
/home/student6/.mozilla
/home/student7/.mozilla
/usr/lib/mozilla
/usr/lib/firefox/webapprt/extensions/langpack-en-GB@firefox.mozilla.org.xpi
/usr/lib/firefox/webapprt/extensions/langpack-en-ZA@firefox.mozilla.org.xpi
/usr/lib/firefox-addons/extensions/langpack-en-GB@firefox.mozilla.org.xpi
/usr/lib/firefox-addons/extensions/langpack-en-ZA@firefox.mozilla.org.xpi
/usr/lib/mozilla/extensions
/usr/lib/mozilla/plugins
/usr/lib/mozilla/extensions/{ec8030f7-c20a-464f-9b0e-13a3a9e97384}
/usr/lib/mozilla/extensions/{ec8030f7-c20a-464f-9b0e-13a3a9e97384}/online-accounts@lists.launchpad.net
/usr/lib/mozilla/plugins/librhythmbox-itms-detection-plugin.so
/usr/lib/mozilla/plugins/libtotem-cone-plugin.so
/usr/lib/mozilla/plugins/libtotem-gmp-plugin.so
/usr/lib/mozilla/plugins/libtotem-mully-plugin.so
/usr/lib/mozilla/plugins/libtotem-narrowspace-plugin.so
/usr/lib/thunderbird-addons/extensions/messagingmenu@mozilla.com.xpi
/usr/share/mozilla
/usr/share/app-install/icons/mozilla-bookmarksftp.png
/usr/share/ca-certificates/mozilla
/usr/share/ca-certificates/mozilla/A-Trust-nQual-03.crt
/usr/share/ca-certificates/mozilla/ACEDICOM_Root.crt
/usr/share/ca-certificates/mozilla/AC_Raíz_Certicámara_S.A..crt
/usr/share/ca-certificates/mozilla/Actalis_Authentication_Root_CA.crt
/usr/share/ca-certificates/mozilla/AddTrust_External_Root.crt
/usr/share/ca-certificates/mozilla/AddTrust_Low-Value_Services_Root.crt
/usr/share/ca-certificates/mozilla/AddTrust_Public_Services_Root.crt
/usr/share/ca-certificates/mozilla/AddTrust_Qualified_Certificates_Root.crt
/usr/share/ca-certificates/mozilla/AffirmTrust_Commercial.crt
/usr/share/ca-certificates/mozilla/AffirmTrust_Networking.crt
/usr/share/ca-certificates/mozilla/AffirmTrust_Premium.crt
/usr/share/ca-certificates/mozilla/AffirmTrust_Premium_ECC.crt
/usr/share/ca-certificates/mozilla/America_Online_Root_Certification_Authority_1.crt
/usr/share/ca-certificates/mozilla/America_Online_Root_Certification_Authority_2.crt
/usr/share/ca-certificates/mozilla/ApplicationCA_-_Japanese_Government.crt
/usr/share/ca-certificates/mozilla/Autoridad_de_Certificacion_Firmaprofesional_CIF_A62634068.crt
/usr/share/ca-certificates/mozilla/Baltimore_CyberTrust_Root.crt
/usr/share/ca-certificates/mozilla/Buypass_Class_2_CA_1.crt
/usr/share/ca-certificates/mozilla/Buypass_Class_2_Root_CA.crt
/usr/share/ca-certificates/mozilla/Buypass_Class_3_CA_1.crt
/usr/share/ca-certificates/mozilla/Buypass_Class_3_Root_CA.crt
/usr/share/ca-certificates/mozilla/CA_Disig.crt
/usr/share/ca-certificates/mozilla/CA_Disig_Root_R1.crt
/usr/share/ca-certificates/mozilla/CA_Disig_Root_R2.crt
/usr/share/ca-certificates/mozilla/CNNIC_ROOT.crt
/usr/share/ca-certificates/mozilla/COMODO_Certification_Authority.crt
/usr/share/ca-certificates/mozilla/COMODO_ECC_Certification_Authority.crt
/usr/share/ca-certificates/mozilla/Camerfirma_Chambers_of_Commerce_Root.crt
/usr/share/ca-certificates/mozilla/Camerfirma_Global_Chambersign_Root.crt
/usr/share/ca-certificates/mozilla/Certigna.crt
/usr/share/ca-certificates/mozilla/Certinomis_-_Autorité_Racine.crt
/usr/share/ca-certificates/mozilla/Certplus_Class_2_Primary_CA.crt
/usr/share/ca-certificates/mozilla/Certum_Root_CA.crt
/usr/share/ca-certificates/mozilla/Certum_Trusted_Network_CA.crt
/usr/share/ca-certificates/mozilla/Chambers_of_Commerce_Root_-_2008.crt
/usr/share/ca-certificates/mozilla/China_Internet_Network_Information_Center_EV_Certificates_Root.crt
/usr/share/ca-certificates/mozilla/ComSign_CA.crt
/usr/share/ca-certificates/mozilla/ComSign_Secured_CA.crt
/usr/share/ca-certificates/mozilla/Comodo_AAA_Services_root.crt
/usr/share/ca-certificates/mozilla/Comodo_Secure_Services_root.crt
/usr/share/ca-certificates/mozilla/Comodo_Trusted_Services_root.crt
/usr/share/ca-certificates/mozilla/Cybertrust_Global_Root.crt
/usr/share/ca-certificates/mozilla/D-TRUST_Root_Class_3_CA_2_2009.crt
/usr/share/ca-certificates/mozilla/D-TRUST_Root_Class_3_CA_2_EV_2009.crt
/usr/share/ca-certificates/mozilla/DST_ACES_CA_X6.crt
/usr/share/ca-certificates/mozilla/DST_Root_CA_X3.crt
/usr/share/ca-certificates/mozilla/Deutsche_Telekom_Root_CA_2.crt
/usr/share/ca-certificates/mozilla/DigiCert_Assured_ID_Root_CA.crt
/usr/share/ca-certificates/mozilla/DigiCert_Global_Root_CA.crt
/usr/share/ca-certificates/mozilla/DigiCert_High_Assurance_EV_Root_CA.crt
/usr/share/ca-certificates/mozilla/Digital_Signature_Trust_Co._Global_CA_1.crt
/usr/share/ca-certificates/mozilla/Digital_Signature_Trust_Co._Global_CA_3.crt
/usr/share/ca-certificates/mozilla/E-Guven_Kok_Elektronik_Sertifika_Hizmet_Saglayicisi.crt
/usr/share/ca-certificates/mozilla/EBG_Elektronik_Sertifika_Hizmet_Sağlayıcısı.crt
/usr/share/ca-certificates/mozilla/EC-ACC.crt
/usr/share/ca-certificates/mozilla/EE_Certification_Centre_Root_CA.crt
/usr/share/ca-certificates/mozilla/Entrust.net_Premium_2048_Secure_Server_CA.crt
/usr/share/ca-certificates/mozilla/Entrust.net_Secure_Server_CA.crt
/usr/share/ca-certificates/mozilla/Entrust_Root_Certification_Authority.crt
/usr/share/ca-certificates/mozilla/Equifax_Secure_CA.crt
/usr/share/ca-certificates/mozilla/Equifax_Secure_Global_eBusiness_CA.crt
/usr/share/ca-certificates/mozilla/Equifax_Secure_eBusiness_CA_1.crt
/usr/share/ca-certificates/mozilla/Firmaprofesional_Root_CA.crt
/usr/share/ca-certificates/mozilla/GTE_CyberTrust_Global_Root.crt
/usr/share/ca-certificates/mozilla/GeoTrust_Global_CA.crt
/usr/share/ca-certificates/mozilla/GeoTrust_Global_CA_2.crt
/usr/share/ca-certificates/mozilla/GeoTrust_Primary_Certification_Authority.crt
/usr/share/ca-certificates/mozilla/GeoTrust_Primary_Certification_Authority_-_G2.crt
/usr/share/ca-certificates/mozilla/GeoTrust_Primary_Certification_Authority_-_G3.crt
/usr/share/ca-certificates/mozilla/GeoTrust_Universal_CA.crt
/usr/share/ca-certificates/mozilla/GeoTrust_Universal_CA_2.crt
/usr/share/ca-certificates/mozilla/GlobalSign_Root_CA.crt
/usr/share/ca-certificates/mozilla/GlobalSign_Root_CA_-_R2.crt
/usr/share/ca-certificates/mozilla/GlobalSign_Root_CA_-_R3.crt
/usr/share/ca-certificates/mozilla/Global_Chambersign_Root_-_2008.crt
/usr/share/ca-certificates/mozilla/Go_Daddy_Class_2_CA.crt
/usr/share/ca-certificates/mozilla/Go_Daddy_Root_Certificate_Authority_-_G2.crt
/usr/share/ca-certificates/mozilla/Hellenic_Academic_and_Research_Institutions_RootCA_2011.crt
/usr/share/ca-certificates/mozilla/Hongkong_Post_Root_CA_1.crt
/usr/share/ca-certificates/mozilla/IGC_A.crt
/usr/share/ca-certificates/mozilla/Izenpe.com.crt
/usr/share/ca-certificates/mozilla/Juur-SK.crt
/usr/share/ca-certificates/mozilla/Microsec_e-Szigno_Root_CA.crt
/usr/share/ca-certificates/mozilla/Microsec_e-Szigno_Root_CA_2009.crt
/usr/share/ca-certificates/mozilla/NetLock_Arany_=Class_Gold=_Főtanúsítvány.crt
/usr/share/ca-certificates/mozilla/NetLock_Business_=Class_B=_Root.crt
/usr/share/ca-certificates/mozilla/NetLock_Express_=Class_C=_Root.crt
/usr/share/ca-certificates/mozilla/NetLock_Notary_=Class_A=_Root.crt
/usr/share/ca-certificates/mozilla/NetLock_Qualified_=Class_QA=_Root.crt
/usr/share/ca-certificates/mozilla/Network_Solutions_Certificate_Authority.crt
/usr/share/ca-certificates/mozilla/OISTE_WISeKey_Global_Root_GA_CA.crt
/usr/share/ca-certificates/mozilla/PSCProcert.crt
/usr/share/ca-certificates/mozilla/QuoVadis_Root_CA.crt
/usr/share/ca-certificates/mozilla/QuoVadis_Root_CA_2.crt
/usr/share/ca-certificates/mozilla/QuoVadis_Root_CA_3.crt
/usr/share/ca-certificates/mozilla/RSA_Root_Certificate_1.crt
/usr/share/ca-certificates/mozilla/RSA_Security_2048_v3.crt
/usr/share/ca-certificates/mozilla/Root_CA_Generalitat_Valenciana.crt
/usr/share/ca-certificates/mozilla/S-TRUST_Authentication_and_Encryption_Root_CA_2005_PN.crt
/usr/share/ca-certificates/mozilla/SecureSign_RootCA11.crt
/usr/share/ca-certificates/mozilla/SecureTrust_CA.crt
/usr/share/ca-certificates/mozilla/Secure_Global_CA.crt
/usr/share/ca-certificates/mozilla/Security_Communication_EV_RootCA1.crt
/usr/share/ca-certificates/mozilla/Security_Communication_RootCA2.crt
/usr/share/ca-certificates/mozilla/Security_Communication_Root_CA.crt
/usr/share/ca-certificates/mozilla/Sonera_Class_1_Root_CA.crt
/usr/share/ca-certificates/mozilla/Sonera_Class_2_Root_CA.crt
/usr/share/ca-certificates/mozilla/Staat_der_Nederlanden_Root_CA.crt
/usr/share/ca-certificates/mozilla/Staat_der_Nederlanden_Root_CA_-_G2.crt
/usr/share/ca-certificates/mozilla/Starfield_Class_2_CA.crt
/usr/share/ca-certificates/mozilla/Starfield_Root_Certificate_Authority_-_G2.crt
/usr/share/ca-certificates/mozilla/Starfield_Services_Root_Certificate_Authority_-_G2.crt
/usr/share/ca-certificates/mozilla/StartCom_Certification_Authority.crt
/usr/share/ca-certificates/mozilla/StartCom_Certification_Authority_2.crt
/usr/share/ca-certificates/mozilla/StartCom_Certification_Authority_G2.crt
/usr/share/ca-certificates/mozilla/SwissSign_Gold_CA_-_G2.crt
/usr/share/ca-certificates/mozilla/SwissSign_Platinum_CA_-_G2.crt
/usr/share/ca-certificates/mozilla/SwissSign_Silver_CA_-_G2.crt
/usr/share/ca-certificates/mozilla/Swisscom_Root_CA_1.crt
/usr/share/ca-certificates/mozilla/Swisscom_Root_CA_2.crt
/usr/share/ca-certificates/mozilla/Swisscom_Root_EV_CA_2.crt
/usr/share/ca-certificates/mozilla/T-TeleSec_GlobalRoot_Class_3.crt
/usr/share/ca-certificates/mozilla/TC_TrustCenter_Class_2_CA_II.crt
/usr/share/ca-certificates/mozilla/TC_TrustCenter_Class_3_CA_II.crt
/usr/share/ca-certificates/mozilla/TC_TrustCenter_Universal_CA_I.crt
/usr/share/ca-certificates/mozilla/TDC_Internet_Root_CA.crt
/usr/share/ca-certificates/mozilla/TDC_OCES_Root_CA.crt
/usr/share/ca-certificates/mozilla/TURKTRUST_Certificate_Services_Provider_Root_1.crt
/usr/share/ca-certificates/mozilla/TURKTRUST_Certificate_Services_Provider_Root_2.crt
/usr/share/ca-certificates/mozilla/TURKTRUST_Certificate_Services_Provider_Root_2007.crt
/usr/share/ca-certificates/mozilla/TWCA_Root_Certification_Authority.crt
/usr/share/ca-certificates/mozilla/Taiwan_GRCA.crt
/usr/share/ca-certificates/mozilla/Thawte_Premium_Server_CA.crt
/usr/share/ca-certificates/mozilla/Thawte_Server_CA.crt
/usr/share/ca-certificates/mozilla/Trustis_FPS_Root_CA.crt
/usr/share/ca-certificates/mozilla/TÜBİTAK_UEKAE_Kök_Sertifika_Hizmet_Sağlayıcısı_-_Sürüm_3.crt
/usr/share/ca-certificates/mozilla/UTN_DATACorp_SGC_Root_CA.crt
/usr/share/ca-certificates/mozilla/UTN_USERFirst_Email_Root_CA.crt
/usr/share/ca-certificates/mozilla/UTN_USERFirst_Hardware_Root_CA.crt
/usr/share/ca-certificates/mozilla/ValiCert_Class_1_VA.crt
/usr/share/ca-certificates/mozilla/ValiCert_Class_2_VA.crt
/usr/share/ca-certificates/mozilla/VeriSign_Class_3_Public_Primary_Certification_Authority_-_G4.crt
/usr/share/ca-certificates/mozilla/VeriSign_Class_3_Public_Primary_Certification_Authority_-_G5.crt
/usr/share/ca-certificates/mozilla/VeriSign_Universal_Root_Certification_Authority.crt
/usr/share/ca-certificates/mozilla/Verisign_Class_1_Public_Primary_Certification_Authority.crt
/usr/share/ca-certificates/mozilla/Verisign_Class_1_Public_Primary_Certification_Authority_-_G2.crt
/usr/share/ca-certificates/mozilla/Verisign_Class_1_Public_Primary_Certification_Authority_-_G3.crt
/usr/share/ca-certificates/mozilla/Verisign_Class_2_Public_Primary_Certification_Authority_-_G2.crt
/usr/share/ca-certificates/mozilla/Verisign_Class_2_Public_Primary_Certification_Authority_-_G3.crt
/usr/share/ca-certificates/mozilla/Verisign_Class_3_Public_Primary_Certification_Authority.crt
/usr/share/ca-certificates/mozilla/Verisign_Class_3_Public_Primary_Certification_Authority_-_G2.crt
/usr/share/ca-certificates/mozilla/Verisign_Class_3_Public_Primary_Certification_Authority_-_G3.crt
/usr/share/ca-certificates/mozilla/Verisign_Class_3_Public_Primary_Certification_Authority_2.crt
/usr/share/ca-certificates/mozilla/Verisign_Class_4_Public_Primary_Certification_Authority_-_G3.crt
/usr/share/ca-certificates/mozilla/Visa_eCommerce_Root.crt
/usr/share/ca-certificates/mozilla/WellsSecure_Public_Root_Certificate_Authority.crt
/usr/share/ca-certificates/mozilla/Wells_Fargo_Root_CA.crt
/usr/share/ca-certificates/mozilla/XRamp_Global_CA_Root.crt
/usr/share/ca-certificates/mozilla/certSIGN_ROOT_CA.crt
/usr/share/ca-certificates/mozilla/ePKI_Root_Certification_Authority.crt
/usr/share/ca-certificates/mozilla/thawte_Primary_Root_CA.crt
/usr/share/ca-certificates/mozilla/thawte_Primary_Root_CA_-_G2.crt
/usr/share/ca-certificates/mozilla/thawte_Primary_Root_CA_-_G3.crt
/usr/share/doc/rhythmbox-mozilla
/usr/share/doc/totem-mozilla
/usr/share/doc/rhythmbox-mozilla/AUTHORS
/usr/share/doc/rhythmbox-mozilla/NEWS.Debian.gz
/usr/share/doc/rhythmbox-mozilla/NEWS.gz
/usr/share/doc/rhythmbox-mozilla/README
/usr/share/doc/rhythmbox-mozilla/THANKS
/usr/share/doc/rhythmbox-mozilla/changelog.Debian.gz
/usr/share/doc/rhythmbox-mozilla/copyright
/usr/share/doc/totem-mozilla/AUTHORS
/usr/share/doc/totem-mozilla/NEWS.gz
/usr/share/doc/totem-mozilla/README
/usr/share/doc/totem-mozilla/README.browser-plugin
/usr/share/doc/totem-mozilla/TODO
/usr/share/doc/totem-mozilla/changelog.Debian.gz
/usr/share/doc/totem-mozilla/copyright
/usr/share/help-langpack/en_GB/evolution/import-apps-mozilla.page
/usr/share/mime/application/vnd.mozilla.xul+xml.xml
/usr/share/mime/application/x-mozilla-bookmarks.xml
/usr/share/mozilla/extensions
/usr/share/mozilla/extensions/{ec8030f7-c20a-464f-9b0e-13a3a9e97384}
/usr/share/mozilla/extensions/{ec8030f7-c20a-464f-9b0e-13a3a9e97384}/ubufox@ubuntu.com
/usr/share/mozilla/extensions/{ec8030f7-c20a-464f-9b0e-13a3a9e97384}/webapps-team@lists.launchpad.net
/usr/share/mozilla/extensions/{ec8030f7-c20a-464f-9b0e-13a3a9e97384}/{2e1445b0-2682-11e1-bfc2-0800200c9a66}
/usr/share/totem/mozilla-viewer.css
/usr/share/totem/mozilla-viewer.ui
/var/lib/dpkg/info/rhythmbox-mozilla.list
/var/lib/dpkg/info/rhythmbox-mozilla.md5sums
/var/lib/dpkg/info/totem-mozilla.lis/var/lib/dpkg/info/totem-mozilla.md5sums
student4@MIT-ICT-LAB4-01:~/Desktop/abc$ find . -name abc*
find: paths must precede expression: abctext.txt
Usage: find [-H] [-L] [-P] [-Olevel] [-D help|tree|search|stat|rates|opt|exec] [path...] [expression]
student4@MIT-ICT-LAB4-01:~/Desktop/abc$ ls -l > list.txt
student4@MIT-ICT-LAB4-01:~/Desktop/abc$ ls
abc1  abctext.txt  empty  lab1.txt  list.txt
student4@MIT-ICT-LAB4-01:~/Desktop/abc$ touch list.txt
student4@MIT-ICT-LAB4-01:~/Desktop/abc$ ls -l | listpipe.txt
listpipe.txt: command not found
student4@MIT-ICT-LAB4-01:~/Desktop/abc$ ls -l | nano listpipe.txt
Received SIGHUP or SIGTERM

Buffer written to listpipe.txt.save
student4@MIT-ICT-LAB4-01:~/Desktop/abc$ 

