


ARM Macro Assembler    Page 1 


    1 00000000                 AREA             RESET, DATA, READONLY
    2 00000000                 EXPORT           __Vectors
    3 00000000         __Vectors
    4 00000000 10001000        DCD              0X10001000
    5 00000004 00000000        DCD              Reset_Handler
    6 00000008         
    7 00000008                 AREA             mycode, CODE, READONLY
    8 00000000                 ENTRY
    9 00000000                 EXPORT           Reset_Handler
   10 00000000         
   11 00000000         Reset_Handler
   12 00000000 4809            LDR              R0, =num1
   13 00000002 4B0A            LDR              R3, =res
   14 00000004 F04F 0808       MOV              R8, #08
   15 00000008 6804            LDR              R4, [R0]
   16 0000000A         UP
   17 0000000A F004 050F       AND              R5, R4, #0X0000000F
   18 0000000E 1976            ADDS             R6, R5
   19 00000010 EA4F 1414       LSR              R4, R4, #04
   20 00000014 F1A8 0801       SUB              R8, #01
   21 00000018 F098 0F00       TEQ              R8, #00
   22 0000001C D1F5            BNE              UP
   23 0000001E F843 6B04       STR              R6, [R3],#04
   24 00000022 E7FE    STOP    B                STOP
   25 00000024 01234567 
                       num1    DCD              0X01234567
   26 00000028 00000000 
              00000000         AREA             mydata, DATA, READWRITE
   27 00000000 00000000 
                       res     DCD              0
   28 00000004                 END
Command Line: --debug --xref --cpu=Cortex-M3 --apcs=interwork --depend=sumOfDig
it.d -osumOfDigit.o -IC:\Keil\ARM\RV31\INC -IC:\Keil\ARM\CMSIS\Include -IC:\Kei
l\ARM\Inc\NXP\LPC17xx --predefine="__EVAL SETA 1" --list=sumOfDigit.lst sumOfDi
git.asm



ARM Macro Assembler    Page 1 Alphabetic symbol ordering
Relocatable symbols

RESET 00000000

Symbol: RESET
   Definitions
      At line 1 in file sumOfDigit.asm
   Uses
      None
Comment: RESET unused
__Vectors 00000000

Symbol: __Vectors
   Definitions
      At line 3 in file sumOfDigit.asm
   Uses
      At line 2 in file sumOfDigit.asm
Comment: __Vectors used once
2 symbols



ARM Macro Assembler    Page 1 Alphabetic symbol ordering
Relocatable symbols

Reset_Handler 00000000

Symbol: Reset_Handler
   Definitions
      At line 11 in file sumOfDigit.asm
   Uses
      At line 5 in file sumOfDigit.asm
      At line 9 in file sumOfDigit.asm

STOP 00000022

Symbol: STOP
   Definitions
      At line 24 in file sumOfDigit.asm
   Uses
      At line 24 in file sumOfDigit.asm
Comment: STOP used once
UP 0000000A

Symbol: UP
   Definitions
      At line 16 in file sumOfDigit.asm
   Uses
      At line 22 in file sumOfDigit.asm
Comment: UP used once
mycode 00000000

Symbol: mycode
   Definitions
      At line 7 in file sumOfDigit.asm
   Uses
      None
Comment: mycode unused
num1 00000024

Symbol: num1
   Definitions
      At line 25 in file sumOfDigit.asm
   Uses
      At line 12 in file sumOfDigit.asm
Comment: num1 used once
5 symbols



ARM Macro Assembler    Page 1 Alphabetic symbol ordering
Relocatable symbols

mydata 00000000

Symbol: mydata
   Definitions
      At line 26 in file sumOfDigit.asm
   Uses
      None
Comment: mydata unused
res 00000000

Symbol: res
   Definitions
      At line 27 in file sumOfDigit.asm
   Uses
      At line 13 in file sumOfDigit.asm
Comment: res used once
2 symbols
342 symbols in table
