


ARM Macro Assembler    Page 1 


    1 00000000                 AREA             RESET, DATA, READONLY
    2 00000000                 EXPORT           __Vectors
    3 00000000         
    4 00000000         __Vectors
    5 00000000 10001000        DCD              0X10001000
    6 00000004 00000000        DCD              Reset_Handler
    7 00000008         
    8 00000008                 AREA             mycode, CODE, READONLY
    9 00000000                 ENTRY
   10 00000000                 EXPORT           Reset_Handler
   11 00000000         
   12 00000000         Reset_Handler
   13 00000000 F04F 0604       MOV              R6, #04
   14 00000004 4813            LDR              R0, =num1
   15 00000006 4914            LDR              R1, =num2
   16 00000008 4A14            LDR              R2, =res
   17 0000000A F04F 5700       LDR              R7, =0X20000000
   18 0000000E F387 8803       MSR              XPSR, R7
   19 00000012         BACK
   20 00000012 F850 3B04       LDR              R3, [R0], #04
   21 00000016 F851 4B04       LDR              R4, [R1], #04
   22 0000001A EB73 0504       SBCS             R5, R3, R4
   23 0000001E F842 5B04       STR              R5, [R2], #04
   24 00000022 F1A6 0601       SUB              R6, #01
   25 00000026 F096 0F00       TEQ              R6, #00
   26 0000002A D1F2            BNE              BACK
   27 0000002C         
   28 0000002C F166 0600       SBC              R6, #00
   29 00000030 6016            STR              R6, [R2]
   30 00000032 E7FE    STOP    B                STOP
   31 00000034 FFFFFFFF 
              FFFFFFFF 
              FFFFFFFF 
              FFFFFFFF num1    DCD              0XFFFFFFFF, 0XFFFFFFFF, 0XFFFFF
FFF, 0XFFFFFFFF
   32 00000044 11111111 
              11111111 
              FFFFFFFF 
              11111112 num2    DCD              0X11111111, 0X11111111, 0XFFFFF
FFF, 0X11111112
   33 00000054         
   34 00000054 00000000 
              00000000 
              00000000         AREA             mydata, DATA, READWRITE
   35 00000000 00000000 
              00000000 
              00000000 
              00000000 res     DCD              0, 0, 0, 0
   36 00000010                 END
Command Line: --debug --xref --cpu=Cortex-M3 --apcs=interwork --depend=q3.d -oq
3.o -IC:\Keil\ARM\RV31\INC -IC:\Keil\ARM\CMSIS\Include -IC:\Keil\ARM\Inc\NXP\LP
C17xx --predefine="__EVAL SETA 1" --list=q3.lst q3.asm



ARM Macro Assembler    Page 1 Alphabetic symbol ordering
Relocatable symbols

RESET 00000000

Symbol: RESET
   Definitions
      At line 1 in file q3.asm
   Uses
      None
Comment: RESET unused
__Vectors 00000000

Symbol: __Vectors
   Definitions
      At line 4 in file q3.asm
   Uses
      At line 2 in file q3.asm
Comment: __Vectors used once
2 symbols



ARM Macro Assembler    Page 1 Alphabetic symbol ordering
Relocatable symbols

BACK 00000012

Symbol: BACK
   Definitions
      At line 19 in file q3.asm
   Uses
      At line 26 in file q3.asm
Comment: BACK used once
Reset_Handler 00000000

Symbol: Reset_Handler
   Definitions
      At line 12 in file q3.asm
   Uses
      At line 6 in file q3.asm
      At line 10 in file q3.asm

STOP 00000032

Symbol: STOP
   Definitions
      At line 30 in file q3.asm
   Uses
      At line 30 in file q3.asm
Comment: STOP used once
mycode 00000000

Symbol: mycode
   Definitions
      At line 8 in file q3.asm
   Uses
      None
Comment: mycode unused
num1 00000034

Symbol: num1
   Definitions
      At line 31 in file q3.asm
   Uses
      At line 14 in file q3.asm
Comment: num1 used once
num2 00000044

Symbol: num2
   Definitions
      At line 32 in file q3.asm
   Uses
      At line 15 in file q3.asm
Comment: num2 used once
6 symbols



ARM Macro Assembler    Page 1 Alphabetic symbol ordering
Relocatable symbols

mydata 00000000

Symbol: mydata
   Definitions
      At line 34 in file q3.asm
   Uses
      None
Comment: mydata unused
res 00000000

Symbol: res
   Definitions
      At line 35 in file q3.asm
   Uses
      At line 16 in file q3.asm
Comment: res used once
2 symbols
343 symbols in table
