


ARM Macro Assembler    Page 1 


    1 00000000                 AREA             RESET, DATA, READONLY
    2 00000000                 EXPORT           __Vectors
    3 00000000         
    4 00000000         __Vectors
    5 00000000 10001000        DCD              0X10001000
    6 00000004 00000000        DCD              Reset_Handler
    7 00000008         
    8 00000008                 AREA             mycode, CODE, READONLY
    9 00000000                 ENTRY
   10 00000000                 EXPORT           Reset_Handler
   11 00000000         
   12 00000000         Reset_Handler
   13 00000000 4811            LDR              R0, =src
   14 00000002 4912            LDR              R1, =dst
   15 00000004 6803            LDR              R3, [R0]
   16 00000006 600B            STR              R3, [R1]
   17 00000008         
   18 00000008 F850 3F04       LDR              R3, [R0,#4]!
   19 0000000C F841 3F04       STR              R3, [R1,#4]!
   20 00000010         
   21 00000010 F850 3F04       LDR              R3, [R0,#4]!
   22 00000014 F841 3F04       STR              R3, [R1,#4]!
   23 00000018         
   24 00000018 F850 3F04       LDR              R3, [R0,#4]!
   25 0000001C F841 3F04       STR              R3, [R1,#4]!
   26 00000020         
   27 00000020 F850 3F04       LDR              R3, [R0,#4]!
   28 00000024 F841 3F04       STR              R3, [R1,#4]!
   29 00000028         
   30 00000028         
   31 00000028 F850 3F04       LDR              R3, [R0,#4]!
   32 0000002C F841 3F04       STR              R3, [R1,#4]!
   33 00000030         
   34 00000030         
   35 00000030 E7FE    xyz     B                xyz
   36 00000032 00 00 000000AB 
              000000CD 
              000000DE 
              000000F1 
              00000023 src     DCD              0XAB, 0XCD, 0XDE, 0XF1, 0X23
   37 00000048 00000000 
              00000000         AREA             mydata, DATA, READWRITE
   38 00000000 00000000 
                       dst     DCD              0
   39 00000004         
   40 00000004         
   41 00000004                 END
Command Line: --debug --xref --cpu=Cortex-M3 --apcs=interwork --depend=q3.d -oq
3.o -IC:\Keil\ARM\RV31\INC -IC:\Keil\ARM\CMSIS\Include -IC:\Keil\ARM\Inc\NXP\LP
C17xx --predefine="__EVAL SETA 1" --list=q3.lst q3.asm



ARM Macro Assembler    Page 1 Alphabetic symbol ordering
Relocatable symbols

RESET 00000000

Symbol: RESET
   Definitions
      At line 1 in file q3.asm
   Uses
      None
Comment: RESET unused
__Vectors 00000000

Symbol: __Vectors
   Definitions
      At line 4 in file q3.asm
   Uses
      At line 2 in file q3.asm
Comment: __Vectors used once
2 symbols



ARM Macro Assembler    Page 1 Alphabetic symbol ordering
Relocatable symbols

Reset_Handler 00000000

Symbol: Reset_Handler
   Definitions
      At line 12 in file q3.asm
   Uses
      At line 6 in file q3.asm
      At line 10 in file q3.asm

mycode 00000000

Symbol: mycode
   Definitions
      At line 8 in file q3.asm
   Uses
      None
Comment: mycode unused
src 00000034

Symbol: src
   Definitions
      At line 36 in file q3.asm
   Uses
      At line 13 in file q3.asm
Comment: src used once
xyz 00000030

Symbol: xyz
   Definitions
      At line 35 in file q3.asm
   Uses
      At line 35 in file q3.asm
Comment: xyz used once
4 symbols



ARM Macro Assembler    Page 1 Alphabetic symbol ordering
Relocatable symbols

dst 00000000

Symbol: dst
   Definitions
      At line 38 in file q3.asm
   Uses
      At line 14 in file q3.asm
Comment: dst used once
mydata 00000000

Symbol: mydata
   Definitions
      At line 37 in file q3.asm
   Uses
      None
Comment: mydata unused
2 symbols
341 symbols in table
